
  [32m[1mVITE[22m v5.4.21[39m  [2mready in [0m[1m2709[22m[2m[0m ms[22m

  [32m➜[39m  [1mLocal[22m:   [36mhttp://localhost:[1m5173[22m/[39m
  [32m➜[39m  [1mNetwork[22m: [36mhttp://192.168.1.5:[1m5173[22m/[39m
[2m4:00:37 pm[22m [36m[1m[vite][22m[39m [32mhmr update [39m[2m/src/pages/Dashboard.jsx, /src/pages/invoices/CreateInvoice.jsx, /src/pages/invoices/InvoiceShow.jsx, /src/pages/invoices/EditInvoice.jsx, /src/pages/invoices/Invoices.jsx, /src/components/invoice/AddProductPanel.jsx, /src/components/invoice/DynamicCustomHeaders.jsx, /src/components/invoice/CustomHeaderPanel.jsx, /src/components/invoice/DocumentSettings.jsx, /src/components/invoice/InvoiceFooter.jsx, /src/components/invoice/InvoiceTypeSelector.jsx, /src/components/invoice/InvoiceHeader.jsx, /src/components/invoice/PrefixSuffixPanel.jsx, /src/components/invoice/DocumentNotesPanel.jsx[22m
[2m4:00:42 pm[22m [36m[1m[vite][22m[39m [33mhmr invalidate [39m[2m/src/components/invoice/DocumentSettings.jsx[22m Could not Fast Refresh ("DEFAULT_DOCUMENT_SETTINGS" export is incompatible). Learn more at https://github.com/vitejs/vite-plugin-react/tree/main/packages/plugin-react#consistent-components-exports
[2m4:00:42 pm[22m [36m[1m[vite][22m[39m [32mhmr update [39m[2m/src/pages/invoices/CreateInvoice.jsx, /src/pages/invoices/EditInvoice.jsx, /src/pages/invoices/Invoices.jsx[22m
[2m4:01:14 pm[22m [36m[1m[vite][22m[39m [32mhmr update [39m[2m/src/pages/Dashboard.jsx, /src/pages/invoices/CreateInvoice.jsx, /src/pages/invoices/InvoiceShow.jsx, /src/pages/invoices/EditInvoice.jsx, /src/pages/invoices/Invoices.jsx, /src/components/invoice/AddProductPanel.jsx, /src/components/invoice/DynamicCustomHeaders.jsx, /src/components/invoice/CustomHeaderPanel.jsx, /src/components/invoice/DocumentSettings.jsx, /src/components/invoice/InvoiceFooter.jsx, /src/components/invoice/InvoiceTypeSelector.jsx, /src/components/invoice/InvoiceHeader.jsx, /src/components/invoice/PrefixSuffixPanel.jsx, /src/components/invoice/DocumentNotesPanel.jsx[22m
[2m4:01:18 pm[22m [36m[1m[vite][22m[39m [33mhmr invalidate [39m[2m/src/components/invoice/DocumentSettings.jsx[22m Could not Fast Refresh ("DEFAULT_DOCUMENT_SETTINGS" export is incompatible). Learn more at https://github.com/vitejs/vite-plugin-react/tree/main/packages/plugin-react#consistent-components-exports
[2m4:01:18 pm[22m [36m[1m[vite][22m[39m [32mhmr update [39m[2m/src/pages/invoices/CreateInvoice.jsx, /src/pages/invoices/EditInvoice.jsx, /src/pages/invoices/Invoices.jsx[22m
[2m4:01:27 pm[22m [36m[1m[vite][22m[39m [32mhmr update [39m[2m/src/pages/Dashboard.jsx, /src/pages/invoices/CreateInvoice.jsx, /src/pages/invoices/InvoiceShow.jsx, /src/pages/invoices/EditInvoice.jsx, /src/pages/invoices/Invoices.jsx, /src/components/invoice/AddProductPanel.jsx, /src/components/invoice/DynamicCustomHeaders.jsx, /src/components/invoice/CustomHeaderPanel.jsx, /src/components/invoice/DocumentSettings.jsx, /src/components/invoice/InvoiceFooter.jsx, /src/components/invoice/InvoiceTypeSelector.jsx, /src/components/invoice/InvoiceHeader.jsx, /src/components/invoice/PrefixSuffixPanel.jsx, /src/components/invoice/DocumentNotesPanel.jsx[22m
[2m4:01:32 pm[22m [36m[1m[vite][22m[39m [33mhmr invalidate [39m[2m/src/components/invoice/DocumentSettings.jsx[22m Could not Fast Refresh ("DEFAULT_DOCUMENT_SETTINGS" export is incompatible). Learn more at https://github.com/vitejs/vite-plugin-react/tree/main/packages/plugin-react#consistent-components-exports
[2m4:01:32 pm[22m [36m[1m[vite][22m[39m [32mhmr update [39m[2m/src/pages/invoices/CreateInvoice.jsx, /src/pages/invoices/EditInvoice.jsx, /src/pages/invoices/Invoices.jsx[22m
[2m4:11:31 pm[22m [36m[1m[vite][22m[39m [32mhmr update [39m[2m/src/pages/Dashboard.jsx, /src/pages/invoices/CreateInvoice.jsx, /src/pages/invoices/InvoiceShow.jsx, /src/pages/invoices/EditInvoice.jsx, /src/pages/invoices/Invoices.jsx, /src/components/invoice/AddProductPanel.jsx, /src/components/invoice/DynamicCustomHeaders.jsx, /src/components/invoice/CustomHeaderPanel.jsx, /src/components/invoice/DocumentSettings.jsx, /src/components/invoice/InvoiceFooter.jsx, /src/components/invoice/InvoiceTypeSelector.jsx, /src/components/invoice/InvoiceHeader.jsx, /src/components/invoice/PrefixSuffixPanel.jsx, /src/components/invoice/DocumentNotesPanel.jsx[22m
[2m4:11:31 pm[22m [36m[1m[vite][22m[39m [32mhmr update [39m[2m/src/pages/Dashboard.jsx, /src/pages/invoices/CreateInvoice.jsx, /src/pages/invoices/InvoiceShow.jsx, /src/pages/invoices/EditInvoice.jsx, /src/pages/invoices/Invoices.jsx, /src/components/invoice/AddProductPanel.jsx, /src/components/invoice/DynamicCustomHeaders.jsx, /src/components/invoice/CustomHeaderPanel.jsx, /src/components/invoice/DocumentSettings.jsx, /src/components/invoice/InvoiceFooter.jsx, /src/components/invoice/InvoiceTypeSelector.jsx, /src/components/invoice/InvoiceHeader.jsx, /src/components/invoice/PrefixSuffixPanel.jsx, /src/components/invoice/DocumentNotesPanel.jsx[22m
[2m4:11:42 pm[22m [36m[1m[vite][22m[39m [32m✨ new dependencies optimized: [33mjspdf, jspdf-autotable[32m[39m
[2m4:11:42 pm[22m [36m[1m[vite][22m[39m [32m✨ optimized dependencies changed. reloading[39m
[2m4:12:34 pm[22m [36m[1m[vite][22m[39m [32mhmr update [39m[2m/src/pages/Dashboard.jsx, /src/pages/invoices/CreateInvoice.jsx, /src/pages/invoices/InvoiceShow.jsx, /src/pages/invoices/EditInvoice.jsx, /src/pages/invoices/Invoices.jsx, /src/components/invoice/AddProductPanel.jsx, /src/components/invoice/DynamicCustomHeaders.jsx, /src/components/invoice/CustomHeaderPanel.jsx, /src/components/invoice/DocumentSettings.jsx, /src/components/invoice/InvoiceFooter.jsx, /src/components/invoice/InvoiceTypeSelector.jsx, /src/components/invoice/InvoiceHeader.jsx, /src/components/invoice/PrefixSuffixPanel.jsx, /src/components/invoice/DocumentNotesPanel.jsx[22m
[2m4:14:02 pm[22m [36m[1m[vite][22m[39m [32mhmr update [39m[2m/src/pages/Dashboard.jsx, /src/pages/invoices/CreateInvoice.jsx, /src/pages/invoices/InvoiceShow.jsx, /src/pages/invoices/EditInvoice.jsx, /src/pages/invoices/Invoices.jsx, /src/components/invoice/AddProductPanel.jsx, /src/components/invoice/DynamicCustomHeaders.jsx, /src/components/invoice/CustomHeaderPanel.jsx, /src/components/invoice/DocumentSettings.jsx, /src/components/invoice/InvoiceFooter.jsx, /src/components/invoice/InvoiceTypeSelector.jsx, /src/components/invoice/InvoiceHeader.jsx, /src/components/invoice/PrefixSuffixPanel.jsx, /src/components/invoice/DocumentNotesPanel.jsx[22m
[2m4:15:01 pm[22m [36m[1m[vite][22m[39m [32mhmr update [39m[2m/src/pages/Dashboard.jsx, /src/pages/invoices/CreateInvoice.jsx, /src/pages/invoices/InvoiceShow.jsx, /src/pages/invoices/EditInvoice.jsx, /src/pages/invoices/Invoices.jsx, /src/components/invoice/AddProductPanel.jsx, /src/components/invoice/DynamicCustomHeaders.jsx, /src/components/invoice/CustomHeaderPanel.jsx, /src/components/invoice/DocumentSettings.jsx, /src/components/invoice/InvoiceFooter.jsx, /src/components/invoice/InvoiceTypeSelector.jsx, /src/components/invoice/InvoiceHeader.jsx, /src/components/invoice/PrefixSuffixPanel.jsx, /src/components/invoice/DocumentNotesPanel.jsx[22m
[2m4:15:46 pm[22m [36m[1m[vite][22m[39m [32mhmr update [39m[2m/src/pages/Dashboard.jsx, /src/pages/invoices/CreateInvoice.jsx, /src/pages/invoices/InvoiceShow.jsx, /src/pages/invoices/EditInvoice.jsx, /src/pages/invoices/Invoices.jsx, /src/components/invoice/AddProductPanel.jsx, /src/components/invoice/DynamicCustomHeaders.jsx, /src/components/invoice/CustomHeaderPanel.jsx, /src/components/invoice/DocumentSettings.jsx, /src/components/invoice/InvoiceFooter.jsx, /src/components/invoice/InvoiceTypeSelector.jsx, /src/components/invoice/InvoiceHeader.jsx, /src/components/invoice/PrefixSuffixPanel.jsx, /src/components/invoice/DocumentNotesPanel.jsx[22m
[2m4:16:24 pm[22m [36m[1m[vite][22m[39m [32mhmr update [39m[2m/src/pages/Dashboard.jsx, /src/pages/invoices/CreateInvoice.jsx, /src/pages/invoices/InvoiceShow.jsx, /src/pages/invoices/EditInvoice.jsx, /src/pages/invoices/Invoices.jsx, /src/components/invoice/AddProductPanel.jsx, /src/components/invoice/DynamicCustomHeaders.jsx, /src/components/invoice/CustomHeaderPanel.jsx, /src/components/invoice/DocumentSettings.jsx, /src/components/invoice/InvoiceFooter.jsx, /src/components/invoice/InvoiceTypeSelector.jsx, /src/components/invoice/InvoiceHeader.jsx, /src/components/invoice/PrefixSuffixPanel.jsx, /src/components/invoice/DocumentNotesPanel.jsx[22m
[2m4:17:50 pm[22m [36m[1m[vite][22m[39m [32mhmr update [39m[2m/src/pages/Dashboard.jsx, /src/pages/invoices/CreateInvoice.jsx, /src/pages/invoices/InvoiceShow.jsx, /src/pages/invoices/EditInvoice.jsx, /src/pages/invoices/Invoices.jsx, /src/components/invoice/AddProductPanel.jsx, /src/components/invoice/DynamicCustomHeaders.jsx, /src/components/invoice/CustomHeaderPanel.jsx, /src/components/invoice/DocumentSettings.jsx, /src/components/invoice/InvoiceFooter.jsx, /src/components/invoice/InvoiceTypeSelector.jsx, /src/components/invoice/InvoiceHeader.jsx, /src/components/invoice/PrefixSuffixPanel.jsx, /src/components/invoice/DocumentNotesPanel.jsx[22m
[2m4:18:18 pm[22m [36m[1m[vite][22m[39m [32mhmr update [39m[2m/src/pages/Dashboard.jsx, /src/pages/invoices/CreateInvoice.jsx, /src/pages/invoices/InvoiceShow.jsx, /src/pages/invoices/EditInvoice.jsx, /src/pages/invoices/Invoices.jsx, /src/components/invoice/AddProductPanel.jsx, /src/components/invoice/DynamicCustomHeaders.jsx, /src/components/invoice/CustomHeaderPanel.jsx, /src/components/invoice/DocumentSettings.jsx, /src/components/invoice/InvoiceFooter.jsx, /src/components/invoice/InvoiceTypeSelector.jsx, /src/components/invoice/InvoiceHeader.jsx, /src/components/invoice/PrefixSuffixPanel.jsx, /src/components/invoice/DocumentNotesPanel.jsx[22m
[2m4:18:47 pm[22m [36m[1m[vite][22m[39m [32mhmr update [39m[2m/src/pages/Dashboard.jsx, /src/pages/invoices/CreateInvoice.jsx, /src/pages/invoices/InvoiceShow.jsx, /src/pages/invoices/EditInvoice.jsx, /src/pages/invoices/Invoices.jsx, /src/components/invoice/AddProductPanel.jsx, /src/components/invoice/DynamicCustomHeaders.jsx, /src/components/invoice/CustomHeaderPanel.jsx, /src/components/invoice/DocumentSettings.jsx, /src/components/invoice/InvoiceFooter.jsx, /src/components/invoice/InvoiceTypeSelector.jsx, /src/components/invoice/InvoiceHeader.jsx, /src/components/invoice/PrefixSuffixPanel.jsx, /src/components/invoice/DocumentNotesPanel.jsx[22m
[2m4:23:34 pm[22m [36m[1m[vite][22m[39m [32mhmr update [39m[2m/src/pages/Dashboard.jsx, /src/pages/invoices/CreateInvoice.jsx, /src/pages/invoices/InvoiceShow.jsx, /src/pages/invoices/EditInvoice.jsx, /src/pages/invoices/Invoices.jsx, /src/components/invoice/AddProductPanel.jsx, /src/components/invoice/DynamicCustomHeaders.jsx, /src/components/invoice/CustomHeaderPanel.jsx, /src/components/invoice/DocumentSettings.jsx, /src/components/invoice/InvoiceFooter.jsx, /src/components/invoice/InvoiceTypeSelector.jsx, /src/components/invoice/InvoiceHeader.jsx, /src/components/invoice/PrefixSuffixPanel.jsx, /src/components/invoice/DocumentNotesPanel.jsx[22m
[2m4:49:56 pm[22m [36m[1m[vite][22m[39m [32mhmr update [39m[2m/src/components/invoice/PrefixSuffixPanel.jsx[22m
[2m4:50:08 pm[22m [36m[1m[vite][22m[39m [32mhmr update [39m[2m/src/components/invoice/PrefixSuffixPanel.jsx[22m
[2m4:50:18 pm[22m [36m[1m[vite][22m[39m [32mhmr update [39m[2m/src/components/invoice/PrefixSuffixPanel.jsx[22m
[2m4:50:29 pm[22m [36m[1m[vite][22m[39m [32mhmr update [39m[2m/src/components/invoice/PrefixSuffixPanel.jsx[22m
[2m4:50:39 pm[22m [36m[1m[vite][22m[39m [32mhmr update [39m[2m/src/components/invoice/PrefixSuffixPanel.jsx[22m
[2m4:55:47 pm[22m [36m[1m[vite][22m[39m [32mhmr update [39m[2m/src/css/index.css[22m
[2m4:56:00 pm[22m [36m[1m[vite][22m[39m [32mhmr update [39m[2m/src/pages/Dashboard.jsx, /src/pages/invoices/CreateInvoice.jsx, /src/pages/invoices/InvoiceShow.jsx, /src/pages/invoices/EditInvoice.jsx, /src/pages/invoices/Invoices.jsx, /src/components/invoice/AddProductPanel.jsx, /src/components/invoice/DynamicCustomHeaders.jsx, /src/components/invoice/CustomHeaderPanel.jsx, /src/components/invoice/DocumentSettings.jsx, /src/components/invoice/InvoiceFooter.jsx, /src/components/invoice/InvoiceTypeSelector.jsx, /src/components/invoice/InvoiceHeader.jsx, /src/components/invoice/PrefixSuffixPanel.jsx, /src/components/invoice/DocumentNotesPanel.jsx[22m
[2m4:56:01 pm[22m [36m[1m[vite][22m[39m [33mhmr invalidate [39m[2m/src/components/invoice/DocumentSettings.jsx[22m Could not Fast Refresh ("DEFAULT_DOCUMENT_SETTINGS" export is incompatible). Learn more at https://github.com/vitejs/vite-plugin-react/tree/main/packages/plugin-react#consistent-components-exports
[2m4:56:01 pm[22m [36m[1m[vite][22m[39m [32mhmr update [39m[2m/src/pages/invoices/CreateInvoice.jsx, /src/pages/invoices/EditInvoice.jsx, /src/pages/invoices/Invoices.jsx[22m
[2m5:03:05 pm[22m [36m[1m[vite][22m[39m [32mhmr update [39m[2m/src/css/index.css[22m
[2m5:03:13 pm[22m [36m[1m[vite][22m[39m [32mhmr update [39m[2m/src/css/index.css[22m
[2m5:03:22 pm[22m [36m[1m[vite][22m[39m [32mhmr update [39m[2m/src/pages/Dashboard.jsx, /src/pages/invoices/CreateInvoice.jsx, /src/pages/invoices/InvoiceShow.jsx, /src/pages/invoices/EditInvoice.jsx, /src/pages/invoices/Invoices.jsx, /src/components/invoice/AddProductPanel.jsx, /src/components/invoice/DynamicCustomHeaders.jsx, /src/components/invoice/CustomHeaderPanel.jsx, /src/components/invoice/DocumentSettings.jsx, /src/components/invoice/InvoiceFooter.jsx, /src/components/invoice/InvoiceTypeSelector.jsx, /src/components/invoice/InvoiceHeader.jsx, /src/components/invoice/PrefixSuffixPanel.jsx, /src/components/invoice/DocumentNotesPanel.jsx[22m
[2m5:03:26 pm[22m [36m[1m[vite][22m[39m [33mhmr invalidate [39m[2m/src/components/invoice/DocumentSettings.jsx[22m Could not Fast Refresh ("DEFAULT_DOCUMENT_SETTINGS" export is incompatible). Learn more at https://github.com/vitejs/vite-plugin-react/tree/main/packages/plugin-react#consistent-components-exports
[2m5:03:26 pm[22m [36m[1m[vite][22m[39m [32mhmr update [39m[2m/src/pages/invoices/CreateInvoice.jsx, /src/pages/invoices/EditInvoice.jsx, /src/pages/invoices/Invoices.jsx[22m
[2m5:03:32 pm[22m [36m[1m[vite][22m[39m [32mhmr update [39m[2m/src/pages/Dashboard.jsx, /src/pages/invoices/CreateInvoice.jsx, /src/pages/invoices/InvoiceShow.jsx, /src/pages/invoices/EditInvoice.jsx, /src/pages/invoices/Invoices.jsx, /src/components/invoice/AddProductPanel.jsx, /src/components/invoice/DynamicCustomHeaders.jsx, /src/components/invoice/CustomHeaderPanel.jsx, /src/components/invoice/DocumentSettings.jsx, /src/components/invoice/InvoiceFooter.jsx, /src/components/invoice/InvoiceTypeSelector.jsx, /src/components/invoice/InvoiceHeader.jsx, /src/components/invoice/PrefixSuffixPanel.jsx, /src/components/invoice/DocumentNotesPanel.jsx[22m
[2m5:03:35 pm[22m [36m[1m[vite][22m[39m [33mhmr invalidate [39m[2m/src/components/invoice/DocumentSettings.jsx[22m Could not Fast Refresh ("DEFAULT_DOCUMENT_SETTINGS" export is incompatible). Learn more at https://github.com/vitejs/vite-plugin-react/tree/main/packages/plugin-react#consistent-components-exports
[2m5:03:35 pm[22m [36m[1m[vite][22m[39m [32mhmr update [39m[2m/src/pages/invoices/CreateInvoice.jsx, /src/pages/invoices/EditInvoice.jsx, /src/pages/invoices/Invoices.jsx[22m
[2m5:03:41 pm[22m [36m[1m[vite][22m[39m [32mhmr update [39m[2m/src/pages/Dashboard.jsx, /src/pages/invoices/CreateInvoice.jsx, /src/pages/invoices/InvoiceShow.jsx, /src/pages/invoices/EditInvoice.jsx, /src/pages/invoices/Invoices.jsx, /src/components/invoice/AddProductPanel.jsx, /src/components/invoice/DynamicCustomHeaders.jsx, /src/components/invoice/CustomHeaderPanel.jsx, /src/components/invoice/DocumentSettings.jsx, /src/components/invoice/InvoiceFooter.jsx, /src/components/invoice/InvoiceTypeSelector.jsx, /src/components/invoice/InvoiceHeader.jsx, /src/components/invoice/PrefixSuffixPanel.jsx, /src/components/invoice/DocumentNotesPanel.jsx[22m
[2m5:03:44 pm[22m [36m[1m[vite][22m[39m [33mhmr invalidate [39m[2m/src/components/invoice/DocumentSettings.jsx[22m Could not Fast Refresh ("DEFAULT_DOCUMENT_SETTINGS" export is incompatible). Learn more at https://github.com/vitejs/vite-plugin-react/tree/main/packages/plugin-react#consistent-components-exports
[2m5:03:44 pm[22m [36m[1m[vite][22m[39m [32mhmr update [39m[2m/src/pages/invoices/CreateInvoice.jsx, /src/pages/invoices/EditInvoice.jsx, /src/pages/invoices/Invoices.jsx[22m
[2m5:03:50 pm[22m [36m[1m[vite][22m[39m [32mhmr update [39m[2m/src/pages/Dashboard.jsx, /src/pages/invoices/CreateInvoice.jsx, /src/pages/invoices/InvoiceShow.jsx, /src/pages/invoices/EditInvoice.jsx, /src/pages/invoices/Invoices.jsx, /src/components/invoice/AddProductPanel.jsx, /src/components/invoice/DynamicCustomHeaders.jsx, /src/components/invoice/CustomHeaderPanel.jsx, /src/components/invoice/DocumentSettings.jsx, /src/components/invoice/InvoiceFooter.jsx, /src/components/invoice/InvoiceTypeSelector.jsx, /src/components/invoice/InvoiceHeader.jsx, /src/components/invoice/PrefixSuffixPanel.jsx, /src/components/invoice/DocumentNotesPanel.jsx[22m
[2m5:03:55 pm[22m [36m[1m[vite][22m[39m [33mhmr invalidate [39m[2m/src/components/invoice/DocumentSettings.jsx[22m Could not Fast Refresh ("DEFAULT_DOCUMENT_SETTINGS" export is incompatible). Learn more at https://github.com/vitejs/vite-plugin-react/tree/main/packages/plugin-react#consistent-components-exports
[2m5:03:55 pm[22m [36m[1m[vite][22m[39m [32mhmr update [39m[2m/src/pages/invoices/CreateInvoice.jsx, /src/pages/invoices/EditInvoice.jsx, /src/pages/invoices/Invoices.jsx[22m
[2m5:04:02 pm[22m [36m[1m[vite][22m[39m [32mhmr update [39m[2m/src/pages/Dashboard.jsx, /src/pages/invoices/CreateInvoice.jsx, /src/pages/invoices/InvoiceShow.jsx, /src/pages/invoices/EditInvoice.jsx, /src/pages/invoices/Invoices.jsx, /src/components/invoice/AddProductPanel.jsx, /src/components/invoice/DynamicCustomHeaders.jsx, /src/components/invoice/CustomHeaderPanel.jsx, /src/components/invoice/DocumentSettings.jsx, /src/components/invoice/InvoiceFooter.jsx, /src/components/invoice/InvoiceTypeSelector.jsx, /src/components/invoice/InvoiceHeader.jsx, /src/components/invoice/PrefixSuffixPanel.jsx, /src/components/invoice/DocumentNotesPanel.jsx[22m
[2m5:04:09 pm[22m [36m[1m[vite][22m[39m [33mhmr invalidate [39m[2m/src/components/invoice/DocumentSettings.jsx[22m Could not Fast Refresh ("DEFAULT_DOCUMENT_SETTINGS" export is incompatible). Learn more at https://github.com/vitejs/vite-plugin-react/tree/main/packages/plugin-react#consistent-components-exports
[2m5:04:09 pm[22m [36m[1m[vite][22m[39m [32mhmr update [39m[2m/src/pages/invoices/CreateInvoice.jsx, /src/pages/invoices/EditInvoice.jsx, /src/pages/invoices/Invoices.jsx[22m
[2m5:04:14 pm[22m [36m[1m[vite][22m[39m [32mhmr update [39m[2m/src/pages/Dashboard.jsx, /src/pages/invoices/CreateInvoice.jsx, /src/pages/invoices/InvoiceShow.jsx, /src/pages/invoices/EditInvoice.jsx, /src/pages/invoices/Invoices.jsx, /src/components/invoice/AddProductPanel.jsx, /src/components/invoice/DynamicCustomHeaders.jsx, /src/components/invoice/CustomHeaderPanel.jsx, /src/components/invoice/DocumentSettings.jsx, /src/components/invoice/InvoiceFooter.jsx, /src/components/invoice/InvoiceTypeSelector.jsx, /src/components/invoice/InvoiceHeader.jsx, /src/components/invoice/PrefixSuffixPanel.jsx, /src/components/invoice/DocumentNotesPanel.jsx[22m
[2m5:04:16 pm[22m [36m[1m[vite][22m[39m [33mhmr invalidate [39m[2m/src/components/invoice/DocumentSettings.jsx[22m Could not Fast Refresh ("DEFAULT_DOCUMENT_SETTINGS" export is incompatible). Learn more at https://github.com/vitejs/vite-plugin-react/tree/main/packages/plugin-react#consistent-components-exports
[2m5:04:16 pm[22m [36m[1m[vite][22m[39m [32mhmr update [39m[2m/src/pages/invoices/CreateInvoice.jsx, /src/pages/invoices/EditInvoice.jsx, /src/pages/invoices/Invoices.jsx[22m
[2m5:04:22 pm[22m [36m[1m[vite][22m[39m [32mhmr update [39m[2m/src/pages/Dashboard.jsx, /src/pages/invoices/CreateInvoice.jsx, /src/pages/invoices/InvoiceShow.jsx, /src/pages/invoices/EditInvoice.jsx, /src/pages/invoices/Invoices.jsx, /src/components/invoice/AddProductPanel.jsx, /src/components/invoice/DynamicCustomHeaders.jsx, /src/components/invoice/CustomHeaderPanel.jsx, /src/components/invoice/DocumentSettings.jsx, /src/components/invoice/InvoiceFooter.jsx, /src/components/invoice/InvoiceTypeSelector.jsx, /src/components/invoice/InvoiceHeader.jsx, /src/components/invoice/PrefixSuffixPanel.jsx, /src/components/invoice/DocumentNotesPanel.jsx[22m
[2m5:04:24 pm[22m [36m[1m[vite][22m[39m [33mhmr invalidate [39m[2m/src/components/invoice/DocumentSettings.jsx[22m Could not Fast Refresh ("DEFAULT_DOCUMENT_SETTINGS" export is incompatible). Learn more at https://github.com/vitejs/vite-plugin-react/tree/main/packages/plugin-react#consistent-components-exports
[2m5:04:24 pm[22m [36m[1m[vite][22m[39m [32mhmr update [39m[2m/src/pages/invoices/CreateInvoice.jsx, /src/pages/invoices/EditInvoice.jsx, /src/pages/invoices/Invoices.jsx[22m
[2m5:04:31 pm[22m [36m[1m[vite][22m[39m [32mhmr update [39m[2m/src/pages/Dashboard.jsx, /src/pages/invoices/CreateInvoice.jsx, /src/pages/invoices/InvoiceShow.jsx, /src/pages/invoices/EditInvoice.jsx, /src/pages/invoices/Invoices.jsx, /src/components/invoice/AddProductPanel.jsx, /src/components/invoice/DynamicCustomHeaders.jsx, /src/components/invoice/CustomHeaderPanel.jsx, /src/components/invoice/DocumentSettings.jsx, /src/components/invoice/InvoiceFooter.jsx, /src/components/invoice/InvoiceTypeSelector.jsx, /src/components/invoice/InvoiceHeader.jsx, /src/components/invoice/PrefixSuffixPanel.jsx, /src/components/invoice/DocumentNotesPanel.jsx[22m
[2m5:04:35 pm[22m [36m[1m[vite][22m[39m [33mhmr invalidate [39m[2m/src/components/invoice/DocumentSettings.jsx[22m Could not Fast Refresh ("DEFAULT_DOCUMENT_SETTINGS" export is incompatible). Learn more at https://github.com/vitejs/vite-plugin-react/tree/main/packages/plugin-react#consistent-components-exports
[2m5:04:35 pm[22m [36m[1m[vite][22m[39m [32mhmr update [39m[2m/src/pages/invoices/CreateInvoice.jsx, /src/pages/invoices/EditInvoice.jsx, /src/pages/invoices/Invoices.jsx[22m
[2m5:05:55 pm[22m [36m[1m[vite][22m[39m [32mhmr update [39m[2m/src/pages/Dashboard.jsx, /src/pages/roles/RoleList.jsx, /src/pages/roles/RoleCreate.jsx, /src/pages/roles/RoleEdit.jsx, /src/pages/roles/RoleShow.jsx, /src/pages/users/UserCreate.jsx, /src/pages/users/UserEdit.jsx[22m
[2m5:06:05 pm[22m [36m[1m[vite][22m[39m [32mhmr update [39m[2m/src/pages/Dashboard.jsx, /src/pages/users/UserShow.jsx, /src/pages/users/UserCreate.jsx, /src/pages/users/UserList.jsx, /src/pages/users/UserEdit.jsx[22m
[2m5:36:14 pm[22m [36m[1m[vite][22m[39m [32mhmr update [39m[2m/src/css/index.css[22m
[2m5:36:14 pm[22m [36m[1m[vite][22m[39m [32mhmr update [39m[2m/src/css/index.css[22m
[2m5:36:52 pm[22m [36m[1m[vite][22m[39m [32mhmr update [39m[2m/src/App.jsx[22m
[2m5:37:46 pm[22m [36m[1m[vite][22m[39m [32m✨ new dependencies optimized: [33mlucide-react[32m[39m
[2m5:37:46 pm[22m [36m[1m[vite][22m[39m [32m✨ optimized dependencies changed. reloading[39m
[2m5:38:01 pm[22m [36m[1m[vite][22m[39m [32mhmr update [39m[2m/src/App.jsx[22m
[2m5:38:33 pm[22m [36m[1m[vite][22m[39m [32mhmr update [39m[2m/src/components/layout/Topbar.jsx, /src/components/layout/Sidebar.jsx[22m
[2m5:39:40 pm[22m [36m[1m[vite][22m[39m [32mhmr update [39m[2m/src/components/ui/Icon.jsx[22m
[2m5:46:36 pm[22m [36m[1m[vite][22m[39m [32mhmr update [39m[2m/src/css/index.css[22m
[2m5:49:02 pm[22m [36m[1m[vite][22m[39m [32mhmr update [39m[2m/src/pages/sales/QuickSale.jsx[22m
[2m5:49:13 pm[22m [36m[1m[vite][22m[39m [32mhmr update [39m[2m/src/css/index.css[22m
[2m5:52:59 pm[22m [36m[1m[vite][22m[39m [32mhmr update [39m[2m/src/pages/sales/QuickSale.jsx[22m
[2m5:53:11 pm[22m [36m[1m[vite][22m[39m [32mhmr update [39m[2m/src/pages/sales/QuickSale.jsx[22m
[2m5:53:26 pm[22m [36m[1m[vite][22m[39m [32mhmr update [39m[2m/src/css/index.css[22m
[2m5:53:40 pm[22m [36m[1m[vite][22m[39m [32mhmr update [39m[2m/src/css/index.css[22m
[2m5:53:53 pm[22m [36m[1m[vite][22m[39m [32mhmr update [39m[2m/src/css/index.css[22m
[2m5:54:00 pm[22m [36m[1m[vite][22m[39m [32mhmr update [39m[2m/src/css/index.css[22m
[2m6:02:16 pm[22m [36m[1m[vite][22m[39m [32mhmr update [39m[2m/src/pages/sales/QuickSale.jsx[22m
[2m6:02:28 pm[22m [36m[1m[vite][22m[39m [32mhmr update [39m[2m/src/pages/sales/QuickSale.jsx[22m
[2m6:02:43 pm[22m [36m[1m[vite][22m[39m [32mhmr update [39m[2m/src/css/index.css[22m
[2m6:04:26 pm[22m [36m[1m[vite][22m[39m [32mhmr update [39m[2m/src/css/index.css[22m
[2m6:04:35 pm[22m [36m[1m[vite][22m[39m [32mhmr update [39m[2m/src/css/index.css[22m
[2m6:04:48 pm[22m [36m[1m[vite][22m[39m [32mhmr update [39m[2m/src/css/index.css[22m
[2m6:04:58 pm[22m [36m[1m[vite][22m[39m [32mhmr update [39m[2m/src/css/index.css[22m
[2m6:05:06 pm[22m [36m[1m[vite][22m[39m [32mhmr update [39m[2m/src/css/index.css[22m
[2m6:06:34 pm[22m [36m[1m[vite][22m[39m [32mhmr update [39m[2m/src/css/index.css[22m
[2m6:08:57 pm[22m [36m[1m[vite][22m[39m [32mhmr update [39m[2m/src/pages/sales/QuickSale.jsx[22m
[2m6:09:09 pm[22m [36m[1m[vite][22m[39m [32mhmr update [39m[2m/src/pages/sales/QuickSale.jsx[22m
[2m6:09:42 pm[22m [36m[1m[vite][22m[39m [32mhmr update [39m[2m/src/css/index.css[22m
[2m6:09:51 pm[22m [36m[1m[vite][22m[39m [32mhmr update [39m[2m/src/css/index.css[22m
[2m6:10:02 pm[22m [36m[1m[vite][22m[39m [32mhmr update [39m[2m/src/css/index.css[22m
[2m6:10:11 pm[22m [36m[1m[vite][22m[39m [32mhmr update [39m[2m/src/css/index.css[22m
[2m6:10:19 pm[22m [36m[1m[vite][22m[39m [32mhmr update [39m[2m/src/css/index.css[22m
[2m6:10:36 pm[22m [36m[1m[vite][22m[39m [32mhmr update [39m[2m/src/pages/sales/QuickSale.jsx[22m
[2m6:12:27 pm[22m [36m[1m[vite][22m[39m [32mhmr update [39m[2m/src/css/index.css[22m
[2m6:12:34 pm[22m [36m[1m[vite][22m[39m [32mhmr update [39m[2m/src/css/index.css[22m
[2m6:13:33 pm[22m [36m[1m[vite][22m[39m [32mhmr update [39m[2m/src/css/index.css[22m
[2m6:14:43 pm[22m [36m[1m[vite][22m[39m [32mhmr update [39m[2m/src/pages/sales/QuickSale.jsx[22m
[2m6:15:03 pm[22m [36m[1m[vite][22m[39m [32mhmr update [39m[2m/src/pages/sales/QuickSale.jsx[22m
[2m6:19:26 pm[22m [36m[1m[vite][22m[39m [32mhmr update [39m[2m/src/css/index.css[22m
[2m6:19:37 pm[22m [36m[1m[vite][22m[39m [32mhmr update [39m[2m/src/css/index.css[22m
[2m6:22:20 pm[22m [36m[1m[vite][22m[39m [32mhmr update [39m[2m/src/css/index.css[22m
[2m6:22:28 pm[22m [36m[1m[vite][22m[39m [32mhmr update [39m[2m/src/css/index.css[22m
[2m6:22:43 pm[22m [36m[1m[vite][22m[39m [32mhmr update [39m[2m/src/css/index.css[22m
[2m6:27:09 pm[22m [36m[1m[vite][22m[39m [32mhmr update [39m[2m/src/components/layout/MainLayout.jsx[22m
[2m6:27:16 pm[22m [36m[1m[vite][22m[39m [32mhmr update [39m[2m/src/components/layout/MainLayout.jsx[22m
[2m6:27:26 pm[22m [36m[1m[vite][22m[39m [32mhmr update [39m[2m/src/components/layout/Topbar.jsx[22m
[2m6:27:43 pm[22m [36m[1m[vite][22m[39m [32mhmr update [39m[2m/src/pages/sales/QuickSale.jsx[22m
[2m6:28:10 pm[22m [36m[1m[vite][22m[39m [32mhmr update [39m[2m/src/pages/sales/QuickSale.jsx[22m
[2m6:28:29 pm[22m [36m[1m[vite][22m[39m [32mhmr update [39m[2m/src/pages/sales/QuickSale.jsx[22m
[2m6:29:44 pm[22m [36m[1m[vite][22m[39m [32mhmr update [39m[2m/src/css/index.css[22m
[2m6:35:00 pm[22m [36m[1m[vite][22m[39m [32mhmr update [39m[2m/src/css/index.css[22m
[2m6:35:27 pm[22m [36m[1m[vite][22m[39m [32mhmr update [39m[2m/src/components/layout/Topbar.jsx[22m
[2m6:36:01 pm[22m [36m[1m[vite][22m[39m [32mhmr update [39m[2m/src/pages/Settings.jsx[22m
[2m6:36:16 pm[22m [36m[1m[vite][22m[39m [32mhmr update [39m[2m/src/pages/Settings.jsx[22m
[2m6:36:31 pm[22m [36m[1m[vite][22m[39m [32mhmr update [39m[2m/src/pages/Settings.jsx[22m
[2m6:36:56 pm[22m [36m[1m[vite][22m[39m [32mhmr update [39m[2m/src/pages/Settings.jsx[22m
[2m6:37:05 pm[22m [36m[1m[vite][22m[39m [32mhmr update [39m[2m/src/pages/Settings.jsx[22m
[2m6:37:24 pm[22m [36m[1m[vite][22m[39m [32mhmr update [39m[2m/src/pages/Settings.jsx[22m
[2m6:37:39 pm[22m [36m[1m[vite][22m[39m [32mhmr update [39m[2m/src/pages/Settings.jsx[22m
[2m6:37:46 pm[22m [36m[1m[vite][22m[39m [32mhmr update [39m[2m/src/pages/Settings.jsx[22m
[2m6:38:09 pm[22m [36m[1m[vite][22m[39m [32mhmr update [39m[2m/src/pages/Settings.jsx[22m
[2m6:38:22 pm[22m [36m[1m[vite][22m[39m [32mhmr update [39m[2m/src/components/layout/Topbar.jsx[22m
[2m6:40:03 pm[22m [36m[1m[vite][22m[39m [32mhmr update [39m[2m/src/pages/sales/QuickSale.jsx[22m
[2m6:41:27 pm[22m [36m[1m[vite][22m[39m [32mhmr update [39m[2m/src/css/index.css[22m
[2m6:41:54 pm[22m [36m[1m[vite][22m[39m [32mhmr update [39m[2m/src/css/index.css[22m
[2m6:50:10 pm[22m [36m[1m[vite][22m[39m [32mhmr update [39m[2m/src/pages/Settings.jsx[22m
[2m6:50:27 pm[22m [36m[1m[vite][22m[39m [32mhmr update [39m[2m/src/pages/Settings.jsx[22m
[2m6:50:56 pm[22m [36m[1m[vite][22m[39m [32mhmr update [39m[2m/src/pages/Settings.jsx[22m
[2m6:51:12 pm[22m [36m[1m[vite][22m[39m [32mhmr update [39m[2m/src/pages/Settings.jsx[22m
[2m6:51:39 pm[22m [36m[1m[vite][22m[39m [32mhmr update [39m[2m/src/css/index.css[22m
[2m7:00:34 pm[22m [36m[1m[vite][22m[39m [32mhmr update [39m[2m/src/components/layout/Topbar.jsx[22m
[2m7:00:34 pm[22m [36m[1m[vite][22m[39m [32mhmr update [39m[2m/src/components/layout/Topbar.jsx[22m
[2m7:01:10 pm[22m [36m[1m[vite][22m[39m [32mhmr update [39m[2m/src/pages/sales/QuickSale.jsx[22m
[2m7:01:24 pm[22m [36m[1m[vite][22m[39m [32mhmr update [39m[2m/src/pages/sales/QuickSale.jsx[22m
[2m7:02:00 pm[22m [36m[1m[vite][22m[39m [32mhmr update [39m[2m/src/css/index.css[22m
[2m7:02:30 pm[22m [36m[1m[vite][22m[39m [32mhmr update [39m[2m/src/css/index.css[22m
[2m7:03:57 pm[22m [36m[1m[vite][22m[39m [32mhmr update [39m[2m/src/css/index.css[22m
[2m7:04:05 pm[22m [36m[1m[vite][22m[39m [32mhmr update [39m[2m/src/css/index.css[22m
[2m7:04:16 pm[22m [36m[1m[vite][22m[39m [32mhmr update [39m[2m/src/css/index.css[22m
[2m7:05:38 pm[22m [36m[1m[vite][22m[39m [32mhmr update [39m[2m/src/css/index.css[22m
[2m7:20:41 pm[22m [36m[1m[vite][22m[39m [32mhmr update [39m[2m/src/css/index.css[22m
[2m7:21:08 pm[22m [36m[1m[vite][22m[39m [32mhmr update [39m[2m/src/css/index.css[22m
[2m7:21:18 pm[22m [36m[1m[vite][22m[39m [32mhmr update [39m[2m/src/css/index.css[22m
[2m7:21:29 pm[22m [36m[1m[vite][22m[39m [32mhmr update [39m[2m/src/css/index.css[22m
[2m7:22:04 pm[22m [36m[1m[vite][22m[39m [32mhmr update [39m[2m/src/css/index.css[22m
[2m7:24:39 pm[22m [36m[1m[vite][22m[39m [32mhmr update [39m[2m/src/components/layout/Topbar.jsx[22m
[2m7:25:01 pm[22m [36m[1m[vite][22m[39m [32mhmr update [39m[2m/src/css/index.css[22m
[2m7:25:48 pm[22m [36m[1m[vite][22m[39m [32mhmr update [39m[2m/src/css/index.css[22m
[2m7:27:41 pm[22m [36m[1m[vite][22m[39m [32mhmr update [39m[2m/src/css/index.css[22m
[2m7:28:24 pm[22m [36m[1m[vite][22m[39m [32mhmr update [39m[2m/src/pages/sales/QuickSale.jsx[22m
[2m7:28:52 pm[22m [36m[1m[vite][22m[39m [32mhmr update [39m[2m/src/pages/sales/QuickSale.jsx[22m
[2m7:29:38 pm[22m [36m[1m[vite][22m[39m [32mhmr update [39m[2m/src/pages/sales/QuickSale.jsx[22m
[2m7:29:59 pm[22m [36m[1m[vite][22m[39m [32mhmr update [39m[2m/src/pages/sales/QuickSale.jsx[22m
[2m7:34:44 pm[22m [36m[1m[vite][22m[39m [32mhmr update [39m[2m/src/css/index.css[22m
[2m7:35:18 pm[22m [36m[1m[vite][22m[39m [32mhmr update [39m[2m/src/css/index.css[22m
[2m7:35:46 pm[22m [36m[1m[vite][22m[39m [32mhmr update [39m[2m/src/css/index.css[22m
[2m7:36:31 pm[22m [36m[1m[vite][22m[39m [32mhmr update [39m[2m/src/pages/sales/QuickSale.jsx[22m
[2m7:37:21 pm[22m [36m[1m[vite][22m[39m [32mhmr update [39m[2m/src/css/index.css[22m
[2m7:45:20 pm[22m [36m[1m[vite][22m[39m [32mhmr update [39m[2m/src/css/index.css[22m
[2m7:46:13 pm[22m [36m[1m[vite][22m[39m [32mhmr update [39m[2m/src/css/index.css[22m
[2m7:46:41 pm[22m [36m[1m[vite][22m[39m [32mhmr update [39m[2m/src/css/index.css[22m
[2m7:46:56 pm[22m [36m[1m[vite][22m[39m [32mhmr update [39m[2m/src/css/index.css[22m
[2m7:47:08 pm[22m [36m[1m[vite][22m[39m [32mhmr update [39m[2m/src/css/index.css[22m
[2m7:47:42 pm[22m [36m[1m[vite][22m[39m [32mhmr update [39m[2m/src/pages/sales/QuickSale.jsx[22m
[2m7:48:13 pm[22m [36m[1m[vite][22m[39m [32mhmr update [39m[2m/src/css/index.css[22m
[2m7:48:25 pm[22m [36m[1m[vite][22m[39m [32mhmr update [39m[2m/src/components/invoice/AddProductPanel.jsx, /src/components/ui/ThemeToggle.jsx, /src/components/layout/Topbar.jsx[22m
[2m7:50:00 pm[22m [36m[1m[vite][22m[39m [32mhmr update [39m[2m/src/css/index.css[22m
[2m7:54:41 pm[22m [36m[1m[vite][22m[39m [32mhmr update [39m[2m/src/css/index.css[22m
[2m7:54:41 pm[22m [36m[1m[vite][22m[39m [32mhmr update [39m[2m/src/css/index.css[22m
[2m8:03:03 pm[22m [36m[1m[vite][22m[39m [32mhmr update [39m[2m/src/css/index.css[22m
[2m8:04:18 pm[22m [36m[1m[vite][22m[39m [32mhmr update [39m[2m/src/pages/sales/QuickSale.jsx[22m
[2m8:12:06 pm[22m [36m[1m[vite][22m[39m [32mhmr update [39m[2m/src/pages/sales/QuickSale.jsx[22m
[2m8:19:32 pm[22m [36m[1m[vite][22m[39m [32mhmr update [39m[2m/src/css/index.css[22m
[2m8:23:14 pm[22m [36m[1m[vite][22m[39m [32mhmr update [39m[2m/src/css/index.css[22m
[2m8:27:20 pm[22m [36m[1m[vite][22m[39m [32mhmr update [39m[2m/src/css/index.css[22m
[2m8:39:14 pm[22m [36m[1m[vite][22m[39m [32mhmr update [39m[2m/src/css/index.css[22m
[2m8:39:47 pm[22m [36m[1m[vite][22m[39m [32mhmr update [39m[2m/src/css/index.css[22m
[2m8:40:08 pm[22m [36m[1m[vite][22m[39m [32mhmr update [39m[2m/src/css/index.css[22m
[2m8:40:19 pm[22m [36m[1m[vite][22m[39m [32mhmr update [39m[2m/src/pages/sales/QuickSale.jsx[22m
[2m8:40:30 pm[22m [36m[1m[vite][22m[39m [32mhmr update [39m[2m/src/pages/sales/QuickSale.jsx[22m
[2m8:40:43 pm[22m [36m[1m[vite][22m[39m [32mhmr update [39m[2m/src/pages/sales/QuickSale.jsx[22m
[2m8:41:18 pm[22m [36m[1m[vite][22m[39m [32mhmr update [39m[2m/src/pages/sales/QuickSale.jsx[22m
[2m8:41:31 pm[22m [36m[1m[vite][22m[39m [32mhmr update [39m[2m/src/pages/sales/QuickSale.jsx[22m
[2m8:42:04 pm[22m [36m[1m[vite][22m[39m [32mhmr update [39m[2m/src/pages/sales/QuickSale.jsx[22m
[2m8:43:01 pm[22m [36m[1m[vite][22m[39m [32mhmr update [39m[2m/src/css/index.css[22m
[2m8:43:15 pm[22m [36m[1m[vite][22m[39m [32mhmr update [39m[2m/src/css/index.css[22m
[2m8:44:33 pm[22m [36m[1m[vite][22m[39m [32mhmr update [39m[2m/src/pages/sales/QuickSale.jsx[22m
[2m8:48:15 pm[22m [36m[1m[vite][22m[39m [32mhmr update [39m[2m/src/pages/sales/QuickSale.jsx[22m
[2m8:48:30 pm[22m [36m[1m[vite][22m[39m [32mhmr update [39m[2m/src/pages/sales/QuickSale.jsx[22m
[2m8:48:40 pm[22m [36m[1m[vite][22m[39m [32mhmr update [39m[2m/src/pages/sales/QuickSale.jsx[22m
[2m8:48:54 pm[22m [36m[1m[vite][22m[39m [32mhmr update [39m[2m/src/pages/sales/QuickSale.jsx[22m
[2m8:49:19 pm[22m [36m[1m[vite][22m[39m [32mhmr update [39m[2m/src/pages/sales/QuickSale.jsx[22m
[2m8:49:34 pm[22m [36m[1m[vite][22m[39m [32mhmr update [39m[2m/src/css/index.css[22m
[2m8:49:55 pm[22m [36m[1m[vite][22m[39m [32mhmr update [39m[2m/src/css/index.css[22m
[2m8:50:11 pm[22m [36m[1m[vite][22m[39m [32mhmr update [39m[2m/src/css/index.css[22m
[2m8:50:24 pm[22m [36m[1m[vite][22m[39m [32mhmr update [39m[2m/src/css/index.css[22m
[2m8:50:32 pm[22m [36m[1m[vite][22m[39m [32mhmr update [39m[2m/src/pages/sales/QuickSale.jsx[22m
[2m8:50:56 pm[22m [36m[1m[vite][22m[39m [32mhmr update [39m[2m/src/pages/sales/QuickSale.jsx[22m
[2m8:50:57 pm[22m [36m[1m[vite][22m[39m [32mhmr update [39m[2m/src/css/index.css[22m
[2m8:51:54 pm[22m [36m[1m[vite][22m[39m [32mhmr update [39m[2m/src/pages/sales/QuickSale.jsx[22m
[2m8:52:06 pm[22m [36m[1m[vite][22m[39m [32mhmr update [39m[2m/src/pages/sales/QuickSale.jsx[22m
[2m8:52:19 pm[22m [36m[1m[vite][22m[39m [32mhmr update [39m[2m/src/css/index.css[22m
[2m8:55:44 pm[22m [36m[1m[vite][22m[39m [32mhmr update [39m[2m/src/components/layout/MainLayout.jsx[22m
[2m8:55:58 pm[22m [36m[1m[vite][22m[39m [32mhmr update [39m[2m/src/components/layout/Topbar.jsx[22m
[2m8:56:13 pm[22m [36m[1m[vite][22m[39m [32mhmr update [39m[2m/src/components/layout/Topbar.jsx[22m
[2m8:56:50 pm[22m [36m[1m[vite][22m[39m [32mhmr update [39m[2m/src/pages/sales/QuickSale.jsx[22m
[2m8:57:35 pm[22m [36m[1m[vite][22m[39m [32mhmr update [39m[2m/src/pages/sales/QuickSale.jsx[22m
[2m8:58:42 pm[22m [36m[1m[vite][22m[39m [32mhmr update [39m[2m/src/components/layout/MainLayout.jsx[22m
[2m8:58:57 pm[22m [36m[1m[vite][22m[39m [32mhmr update [39m[2m/src/components/layout/Topbar.jsx[22m
[2m8:59:09 pm[22m [36m[1m[vite][22m[39m [32mhmr update [39m[2m/src/components/layout/Topbar.jsx[22m
[2m8:59:22 pm[22m [36m[1m[vite][22m[39m [32mhmr update [39m[2m/src/pages/sales/QuickSale.jsx[22m
[2m8:59:33 pm[22m [36m[1m[vite][22m[39m [32mhmr update [39m[2m/src/pages/sales/QuickSale.jsx[22m
[2m8:59:53 pm[22m [36m[1m[vite][22m[39m [32mhmr update [39m[2m/src/pages/sales/QuickSale.jsx[22m
[2m9:00:03 pm[22m [36m[1m[vite][22m[39m [32mhmr update [39m[2m/src/css/index.css[22m
[2m9:02:18 pm[22m [36m[1m[vite][22m[39m [32mhmr update [39m[2m/src/css/index.css[22m
[2m9:02:38 pm[22m [36m[1m[vite][22m[39m [32mhmr update [39m[2m/src/css/index.css[22m
[2m9:03:14 pm[22m [36m[1m[vite][22m[39m [32mhmr update [39m[2m/src/css/index.css[22m
[2m9:04:15 pm[22m [36m[1m[vite][22m[39m [32mhmr update [39m[2m/src/css/index.css[22m
[2m9:06:11 pm[22m [36m[1m[vite][22m[39m [32mhmr update [39m[2m/src/components/layout/Topbar.jsx[22m
[2m9:06:26 pm[22m [36m[1m[vite][22m[39m [32mhmr update [39m[2m/src/css/index.css[22m
[2m9:06:38 pm[22m [36m[1m[vite][22m[39m [32mhmr update [39m[2m/src/components/layout/MainLayout.jsx[22m
[2m9:06:53 pm[22m [36m[1m[vite][22m[39m [32mhmr update [39m[2m/src/components/layout/MainLayout.jsx[22m
[2m9:08:13 pm[22m [36m[1m[vite][22m[39m [32mhmr update [39m[2m/src/components/layout/Topbar.jsx[22m
[2m9:08:13 pm[22m [36m[1m[vite][22m[39m [32mhmr update [39m[2m/src/css/index.css[22m
[2m9:08:13 pm[22m [36m[1m[vite][22m[39m [32mhmr update [39m[2m/src/components/layout/MainLayout.jsx[22m
[2m9:16:49 pm[22m [36m[1m[vite][22m[39m [32mhmr update [39m[2m/src/components/layout/FullscreenContext.jsx[22m
[2m9:16:49 pm[22m [36m[1m[vite][22m[39m [32mhmr update [39m[2m/src/components/layout/FullscreenContext.jsx[22m
[2m9:16:49 pm[22m [36m[1m[vite][22m[39m [33mhmr invalidate [39m[2m/src/components/layout/FullscreenContext.jsx[22m Could not Fast Refresh ("useFullscreen" export is incompatible). Learn more at https://github.com/vitejs/vite-plugin-react/tree/main/packages/plugin-react#consistent-components-exports
[2m9:16:49 pm[22m [36m[1m[vite][22m[39m [32mhmr update [39m[2m/src/components/layout/MainLayout.jsx, /src/pages/sales/QuickSale.jsx[22m
[2m9:17:06 pm[22m [36m[1m[vite][22m[39m [32mhmr update [39m[2m/src/components/layout/MainLayout.jsx[22m
[2m9:17:36 pm[22m [36m[1m[vite][22m[39m [32mhmr update [39m[2m/src/components/layout/Topbar.jsx[22m
[2m9:17:53 pm[22m [36m[1m[vite][22m[39m [32mhmr update [39m[2m/src/pages/sales/QuickSale.jsx[22m
[2m9:18:10 pm[22m [36m[1m[vite][22m[39m [32mhmr update [39m[2m/src/pages/sales/QuickSale.jsx[22m
[2m9:19:36 pm[22m [36m[1m[vite][22m[39m [32mhmr update [39m[2m/src/css/index.css[22m
[2m9:23:25 pm[22m [36m[1m[vite][22m[39m [32mhmr update [39m[2m/src/components/layout/FullscreenContext.jsx[22m
[2m9:23:26 pm[22m [36m[1m[vite][22m[39m [33mhmr invalidate [39m[2m/src/components/layout/FullscreenContext.jsx[22m Could not Fast Refresh ("useFullscreen" export is incompatible). Learn more at https://github.com/vitejs/vite-plugin-react/tree/main/packages/plugin-react#consistent-components-exports
[2m9:23:26 pm[22m [36m[1m[vite][22m[39m [32mhmr update [39m[2m/src/components/layout/MainLayout.jsx, /src/pages/sales/QuickSale.jsx, /src/components/layout/Topbar.jsx[22m
[2m9:23:46 pm[22m [36m[1m[vite][22m[39m [32mhmr update [39m[2m/src/components/layout/MainLayout.jsx[22m
[2m9:24:00 pm[22m [36m[1m[vite][22m[39m [32mhmr update [39m[2m/src/pages/sales/QuickSale.jsx[22m
[2m9:24:14 pm[22m [36m[1m[vite][22m[39m [32mhmr update [39m[2m/src/pages/sales/QuickSale.jsx[22m
[2m9:26:57 pm[22m [36m[1m[vite][22m[39m [32mhmr update [39m[2m/src/css/index.css[22m
[2m9:28:00 pm[22m [36m[1m[vite][22m[39m [32mhmr update [39m[2m/src/css/index.css[22m
[2m9:29:45 pm[22m [36m[1m[vite][22m[39m [32mhmr update [39m[2m/src/css/index.css[22m
[2m9:31:26 pm[22m [36m[1m[vite][22m[39m [32mhmr update [39m[2m/src/css/index.css[22m
[2m9:31:47 pm[22m [36m[1m[vite][22m[39m [32mhmr update [39m[2m/src/css/index.css[22m
[2m9:32:03 pm[22m [36m[1m[vite][22m[39m [32mhmr update [39m[2m/src/css/index.css[22m
[2m9:36:58 pm[22m [36m[1m[vite][22m[39m [32mhmr update [39m[2m/src/css/index.css[22m
[2m9:39:34 pm[22m [36m[1m[vite][22m[39m [32mhmr update [39m[2m/src/css/index.css[22m
[2m9:49:59 pm[22m [36m[1m[vite][22m[39m [32mhmr update [39m[2m/src/pages/sales/QuickSale.jsx[22m
[2m9:50:41 pm[22m [36m[1m[vite][22m[39m [32mhmr update [39m[2m/src/pages/sales/QuickSale.jsx[22m
[2m10:00:04 pm[22m [36m[1m[vite][22m[39m [32mhmr update [39m[2m/src/pages/Settings.jsx[22m
[2m10:00:05 pm[22m [36m[1m[vite][22m[39m [32mhmr update [39m[2m/src/pages/Settings.jsx[22m
[2m10:01:21 pm[22m [36m[1m[vite][22m[39m [32mhmr update [39m[2m/src/components/layout/Topbar.jsx[22m
[2m10:05:35 pm[22m [36m[1m[vite][22m[39m [32mhmr update [39m[2m/src/components/layout/Topbar.jsx[22m
