[2m8:40:43 pm[22m [31m[1m[vite][22m[39m [31mInternal server error: H:\code\CoreX\src\pages\sales\QuickSale.jsx: Expected corresponding JSX closing tag for <aside>. (608:10)

[0m [90m 606 |[31m               [33m<[31m[33mspan[31m[33m>[31m₹{grandTotal[33m.[31mtoFixed([35m2[31m)}[33m<[31m[33m/[31m[33mspan[31m[33m>[31m
 [90m 607 |[31m             [33m<[31m[33m/[31m[33mdiv[31m[33m>[31m
[31m[1m>[22m[31m[90m 608 |[31m           [33m<[31m[33m/[31m[33mdiv[31m[33m>[31m
 [90m     |[31m           [31m[1m^[22m[31m
 [90m 609 |[31m
 [90m 610 |[31m           [33m<[31m[33mdiv[31m className[33m=[31m[32m"qs-cart-actions"[31m[33m>[31m
 [90m 611 |[31m             [33m<[31m[33mdiv[31m className[33m=[31m[32m"qs-action-row"[31m[33m>[31m[0m[39m
  Plugin: [35mvite:react-babel[39m
  File: [36mH:/code/CoreX/src/pages/sales/QuickSale.jsx[39m:608:10
[33m  606|                <span>₹{grandTotal.toFixed(2)}</span>
  607|              </div>
  608|            </div>
     |            ^
  609|  
  610|            <div className="qs-cart-actions">[39m
      at constructor (H:\code\CoreX\node_modules\@babel\parser\lib\index.js:365:19)
      at JSXParserMixin.raise (H:\code\CoreX\node_modules\@babel\parser\lib\index.js:6616:19)
      at JSXParserMixin.jsxParseElementAt (H:\code\CoreX\node_modules\@babel\parser\lib\index.js:4739:16)
      at JSXParserMixin.jsxParseElementAt (H:\code\CoreX\node_modules\@babel\parser\lib\index.js:4710:32)
      at JSXParserMixin.jsxParseElementAt (H:\code\CoreX\node_modules\@babel\parser\lib\index.js:4710:32)
      at JSXParserMixin.jsxParseElement (H:\code\CoreX\node_modules\@babel\parser\lib\index.js:4761:17)
      at JSXParserMixin.parseExprAtom (H:\code\CoreX\node_modules\@babel\parser\lib\index.js:4771:19)
      at JSXParserMixin.parseExprSubscripts (H:\code\CoreX\node_modules\@babel\parser\lib\index.js:11098:23)
      at JSXParserMixin.parseUpdate (H:\code\CoreX\node_modules\@babel\parser\lib\index.js:11083:21)
      at JSXParserMixin.parseMaybeUnary (H:\code\CoreX\node_modules\@babel\parser\lib\index.js:11063:23)
      at JSXParserMixin.parseMaybeUnaryOrPrivate (H:\code\CoreX\node_modules\@babel\parser\lib\index.js:10916:61)
      at JSXParserMixin.parseExprOps (H:\code\CoreX\node_modules\@babel\parser\lib\index.js:10921:23)
      at JSXParserMixin.parseMaybeConditional (H:\code\CoreX\node_modules\@babel\parser\lib\index.js:10898:23)
      at JSXParserMixin.parseMaybeAssign (H:\code\CoreX\node_modules\@babel\parser\lib\index.js:10848:21)
      at H:\code\CoreX\node_modules\@babel\parser\lib\index.js:10817:39
      at JSXParserMixin.allowInAnd (H:\code\CoreX\node_modules\@babel\parser\lib\index.js:12443:12)
      at JSXParserMixin.parseMaybeAssignAllowIn (H:\code\CoreX\node_modules\@babel\parser\lib\index.js:10817:17)
      at JSXParserMixin.parseMaybeAssignAllowInOrVoidPattern (H:\code\CoreX\node_modules\@babel\parser\lib\index.js:12510:17)
      at JSXParserMixin.parseParenAndDistinguishExpression (H:\code\CoreX\node_modules\@babel\parser\lib\index.js:11692:28)
      at JSXParserMixin.parseExprAtom (H:\code\CoreX\node_modules\@babel\parser\lib\index.js:11348:23)
      at JSXParserMixin.parseExprAtom (H:\code\CoreX\node_modules\@babel\parser\lib\index.js:4776:20)
      at JSXParserMixin.parseExprSubscripts (H:\code\CoreX\node_modules\@babel\parser\lib\index.js:11098:23)
      at JSXParserMixin.parseUpdate (H:\code\CoreX\node_modules\@babel\parser\lib\index.js:11083:21)
      at JSXParserMixin.parseMaybeUnary (H:\code\CoreX\node_modules\@babel\parser\lib\index.js:11063:23)
      at JSXParserMixin.parseMaybeUnaryOrPrivate (H:\code\CoreX\node_modules\@babel\parser\lib\index.js:10916:61)
      at JSXParserMixin.parseExprOps (H:\code\CoreX\node_modules\@babel\parser\lib\index.js:10921:23)
      at JSXParserMixin.parseMaybeConditional (H:\code\CoreX\node_modules\@babel\parser\lib\index.js:10898:23)
      at JSXParserMixin.parseMaybeAssign (H:\code\CoreX\node_modules\@babel\parser\lib\index.js:10848:21)
      at JSXParserMixin.parseExpressionBase (H:\code\CoreX\node_modules\@babel\parser\lib\index.js:10801:23)
      at H:\code\CoreX\node_modules\@babel\parser\lib\index.js:10797:39
      at JSXParserMixin.allowInAnd (H:\code\CoreX\node_modules\@babel\parser\lib\index.js:12438:16)
      at JSXParserMixin.parseExpression (H:\code\CoreX\node_modules\@babel\parser\lib\index.js:10797:17)
      at JSXParserMixin.parseReturnStatement (H:\code\CoreX\node_modules\@babel\parser\lib\index.js:13159:28)
      at JSXParserMixin.parseStatementContent (H:\code\CoreX\node_modules\@babel\parser\lib\index.js:12815:21)
      at JSXParserMixin.parseStatementLike (H:\code\CoreX\node_modules\@babel\parser\lib\index.js:12784:17)
      at JSXParserMixin.parseStatementListItem (H:\code\CoreX\node_modules\@babel\parser\lib\index.js:12764:17)
      at JSXParserMixin.parseBlockOrModuleBlockBody (H:\code\CoreX\node_modules\@babel\parser\lib\index.js:13333:61)
      at JSXParserMixin.parseBlockBody (H:\code\CoreX\node_modules\@babel\parser\lib\index.js:13326:10)
      at JSXParserMixin.parseBlock (H:\code\CoreX\node_modules\@babel\parser\lib\index.js:13314:10)
      at JSXParserMixin.parseFunctionBody (H:\code\CoreX\node_modules\@babel\parser\lib\index.js:12117:24)
      at JSXParserMixin.parseFunctionBodyAndFinish (H:\code\CoreX\node_modules\@babel\parser\lib\index.js:12103:10)
      at H:\code\CoreX\node_modules\@babel\parser\lib\index.js:13462:12
      at JSXParserMixin.withSmartMixTopicForbiddingContext (H:\code\CoreX\node_modules\@babel\parser\lib\index.js:12420:14)
      at JSXParserMixin.parseFunction (H:\code\CoreX\node_modules\@babel\parser\lib\index.js:13461:10)
      at JSXParserMixin.parseExportDefaultExpression (H:\code\CoreX\node_modules\@babel\parser\lib\index.js:13924:19)
      at JSXParserMixin.parseExport (H:\code\CoreX\node_modules\@babel\parser\lib\index.js:13845:25)
      at JSXParserMixin.parseStatementContent (H:\code\CoreX\node_modules\@babel\parser\lib\index.js:12895:27)
      at JSXParserMixin.parseStatementLike (H:\code\CoreX\node_modules\@babel\parser\lib\index.js:12784:17)
      at JSXParserMixin.parseModuleItem (H:\code\CoreX\node_modules\@babel\parser\lib\index.js:12761:17)
      at JSXParserMixin.parseBlockOrModuleBlockBody (H:\code\CoreX\node_modules\@babel\parser\lib\index.js:13333:36)
[2m8:41:19 pm[22m [31m[1m[vite][22m[39m [31mInternal server error: H:\code\CoreX\src\pages\sales\QuickSale.jsx: Expected corresponding JSX closing tag for <aside>. (608:10)

[0m [90m 606 |[31m               [33m<[31m[33mspan[31m[33m>[31m₹{grandTotal[33m.[31mtoFixed([35m2[31m)}[33m<[31m[33m/[31m[33mspan[31m[33m>[31m
 [90m 607 |[31m             [33m<[31m[33m/[31m[33mdiv[31m[33m>[31m
[31m[1m>[22m[31m[90m 608 |[31m           [33m<[31m[33m/[31m[33mdiv[31m[33m>[31m
 [90m     |[31m           [31m[1m^[22m[31m
 [90m 609 |[31m
 [90m 610 |[31m           [33m<[31m[33mdiv[31m className[33m=[31m[32m"qs-cart-actions"[31m[33m>[31m
 [90m 611 |[31m             [33m<[31m[33mdiv[31m className[33m=[31m[32m"qs-action-row"[31m[33m>[31m[0m[39m
  Plugin: [35mvite:react-babel[39m
  File: [36mH:/code/CoreX/src/pages/sales/QuickSale.jsx[39m:608:10
[33m  606|                <span>₹{grandTotal.toFixed(2)}</span>
  607|              </div>
  608|            </div>
     |            ^
  609|  
  610|            <div className="qs-cart-actions">[39m
      at constructor (H:\code\CoreX\node_modules\@babel\parser\lib\index.js:365:19)
      at JSXParserMixin.raise (H:\code\CoreX\node_modules\@babel\parser\lib\index.js:6616:19)
      at JSXParserMixin.jsxParseElementAt (H:\code\CoreX\node_modules\@babel\parser\lib\index.js:4739:16)
      at JSXParserMixin.jsxParseElementAt (H:\code\CoreX\node_modules\@babel\parser\lib\index.js:4710:32)
      at JSXParserMixin.jsxParseElementAt (H:\code\CoreX\node_modules\@babel\parser\lib\index.js:4710:32)
      at JSXParserMixin.jsxParseElement (H:\code\CoreX\node_modules\@babel\parser\lib\index.js:4761:17)
      at JSXParserMixin.parseExprAtom (H:\code\CoreX\node_modules\@babel\parser\lib\index.js:4771:19)
      at JSXParserMixin.parseExprSubscripts (H:\code\CoreX\node_modules\@babel\parser\lib\index.js:11098:23)
      at JSXParserMixin.parseUpdate (H:\code\CoreX\node_modules\@babel\parser\lib\index.js:11083:21)
      at JSXParserMixin.parseMaybeUnary (H:\code\CoreX\node_modules\@babel\parser\lib\index.js:11063:23)
      at JSXParserMixin.parseMaybeUnaryOrPrivate (H:\code\CoreX\node_modules\@babel\parser\lib\index.js:10916:61)
      at JSXParserMixin.parseExprOps (H:\code\CoreX\node_modules\@babel\parser\lib\index.js:10921:23)
      at JSXParserMixin.parseMaybeConditional (H:\code\CoreX\node_modules\@babel\parser\lib\index.js:10898:23)
      at JSXParserMixin.parseMaybeAssign (H:\code\CoreX\node_modules\@babel\parser\lib\index.js:10848:21)
      at H:\code\CoreX\node_modules\@babel\parser\lib\index.js:10817:39
      at JSXParserMixin.allowInAnd (H:\code\CoreX\node_modules\@babel\parser\lib\index.js:12443:12)
      at JSXParserMixin.parseMaybeAssignAllowIn (H:\code\CoreX\node_modules\@babel\parser\lib\index.js:10817:17)
      at JSXParserMixin.parseMaybeAssignAllowInOrVoidPattern (H:\code\CoreX\node_modules\@babel\parser\lib\index.js:12510:17)
      at JSXParserMixin.parseParenAndDistinguishExpression (H:\code\CoreX\node_modules\@babel\parser\lib\index.js:11692:28)
      at JSXParserMixin.parseExprAtom (H:\code\CoreX\node_modules\@babel\parser\lib\index.js:11348:23)
      at JSXParserMixin.parseExprAtom (H:\code\CoreX\node_modules\@babel\parser\lib\index.js:4776:20)
      at JSXParserMixin.parseExprSubscripts (H:\code\CoreX\node_modules\@babel\parser\lib\index.js:11098:23)
      at JSXParserMixin.parseUpdate (H:\code\CoreX\node_modules\@babel\parser\lib\index.js:11083:21)
      at JSXParserMixin.parseMaybeUnary (H:\code\CoreX\node_modules\@babel\parser\lib\index.js:11063:23)
      at JSXParserMixin.parseMaybeUnaryOrPrivate (H:\code\CoreX\node_modules\@babel\parser\lib\index.js:10916:61)
      at JSXParserMixin.parseExprOps (H:\code\CoreX\node_modules\@babel\parser\lib\index.js:10921:23)
      at JSXParserMixin.parseMaybeConditional (H:\code\CoreX\node_modules\@babel\parser\lib\index.js:10898:23)
      at JSXParserMixin.parseMaybeAssign (H:\code\CoreX\node_modules\@babel\parser\lib\index.js:10848:21)
      at JSXParserMixin.parseExpressionBase (H:\code\CoreX\node_modules\@babel\parser\lib\index.js:10801:23)
      at H:\code\CoreX\node_modules\@babel\parser\lib\index.js:10797:39
      at JSXParserMixin.allowInAnd (H:\code\CoreX\node_modules\@babel\parser\lib\index.js:12438:16)
      at JSXParserMixin.parseExpression (H:\code\CoreX\node_modules\@babel\parser\lib\index.js:10797:17)
      at JSXParserMixin.parseReturnStatement (H:\code\CoreX\node_modules\@babel\parser\lib\index.js:13159:28)
      at JSXParserMixin.parseStatementContent (H:\code\CoreX\node_modules\@babel\parser\lib\index.js:12815:21)
      at JSXParserMixin.parseStatementLike (H:\code\CoreX\node_modules\@babel\parser\lib\index.js:12784:17)
      at JSXParserMixin.parseStatementListItem (H:\code\CoreX\node_modules\@babel\parser\lib\index.js:12764:17)
      at JSXParserMixin.parseBlockOrModuleBlockBody (H:\code\CoreX\node_modules\@babel\parser\lib\index.js:13333:61)
      at JSXParserMixin.parseBlockBody (H:\code\CoreX\node_modules\@babel\parser\lib\index.js:13326:10)
      at JSXParserMixin.parseBlock (H:\code\CoreX\node_modules\@babel\parser\lib\index.js:13314:10)
      at JSXParserMixin.parseFunctionBody (H:\code\CoreX\node_modules\@babel\parser\lib\index.js:12117:24)
      at JSXParserMixin.parseFunctionBodyAndFinish (H:\code\CoreX\node_modules\@babel\parser\lib\index.js:12103:10)
      at H:\code\CoreX\node_modules\@babel\parser\lib\index.js:13462:12
      at JSXParserMixin.withSmartMixTopicForbiddingContext (H:\code\CoreX\node_modules\@babel\parser\lib\index.js:12420:14)
      at JSXParserMixin.parseFunction (H:\code\CoreX\node_modules\@babel\parser\lib\index.js:13461:10)
      at JSXParserMixin.parseExportDefaultExpression (H:\code\CoreX\node_modules\@babel\parser\lib\index.js:13924:19)
      at JSXParserMixin.parseExport (H:\code\CoreX\node_modules\@babel\parser\lib\index.js:13845:25)
      at JSXParserMixin.parseStatementContent (H:\code\CoreX\node_modules\@babel\parser\lib\index.js:12895:27)
      at JSXParserMixin.parseStatementLike (H:\code\CoreX\node_modules\@babel\parser\lib\index.js:12784:17)
      at JSXParserMixin.parseModuleItem (H:\code\CoreX\node_modules\@babel\parser\lib\index.js:12761:17)
      at JSXParserMixin.parseBlockOrModuleBlockBody (H:\code\CoreX\node_modules\@babel\parser\lib\index.js:13333:36)
[2m8:41:31 pm[22m [31m[1m[vite][22m[39m [31mInternal server error: H:\code\CoreX\src\pages\sales\QuickSale.jsx: Expected corresponding JSX closing tag for <aside>. (608:10)

[0m [90m 606 |[31m               [33m<[31m[33mspan[31m[33m>[31m₹{grandTotal[33m.[31mtoFixed([35m2[31m)}[33m<[31m[33m/[31m[33mspan[31m[33m>[31m
 [90m 607 |[31m             [33m<[31m[33m/[31m[33mdiv[31m[33m>[31m
[31m[1m>[22m[31m[90m 608 |[31m           [33m<[31m[33m/[31m[33mdiv[31m[33m>[31m
 [90m     |[31m           [31m[1m^[22m[31m
 [90m 609 |[31m
 [90m 610 |[31m           [33m<[31m[33mdiv[31m className[33m=[31m[32m"qs-cart-actions"[31m[33m>[31m
 [90m 611 |[31m             [33m<[31m[33mdiv[31m className[33m=[31m[32m"qs-action-row"[31m[33m>[31m[0m[39m
  Plugin: [35mvite:react-babel[39m
  File: [36mH:/code/CoreX/src/pages/sales/QuickSale.jsx[39m:608:10
[33m  606|                <span>₹{grandTotal.toFixed(2)}</span>
  607|              </div>
  608|            </div>
     |            ^
  609|  
  610|            <div className="qs-cart-actions">[39m
      at constructor (H:\code\CoreX\node_modules\@babel\parser\lib\index.js:365:19)
      at JSXParserMixin.raise (H:\code\CoreX\node_modules\@babel\parser\lib\index.js:6616:19)
      at JSXParserMixin.jsxParseElementAt (H:\code\CoreX\node_modules\@babel\parser\lib\index.js:4739:16)
      at JSXParserMixin.jsxParseElementAt (H:\code\CoreX\node_modules\@babel\parser\lib\index.js:4710:32)
      at JSXParserMixin.jsxParseElementAt (H:\code\CoreX\node_modules\@babel\parser\lib\index.js:4710:32)
      at JSXParserMixin.jsxParseElement (H:\code\CoreX\node_modules\@babel\parser\lib\index.js:4761:17)
      at JSXParserMixin.parseExprAtom (H:\code\CoreX\node_modules\@babel\parser\lib\index.js:4771:19)
      at JSXParserMixin.parseExprSubscripts (H:\code\CoreX\node_modules\@babel\parser\lib\index.js:11098:23)
      at JSXParserMixin.parseUpdate (H:\code\CoreX\node_modules\@babel\parser\lib\index.js:11083:21)
      at JSXParserMixin.parseMaybeUnary (H:\code\CoreX\node_modules\@babel\parser\lib\index.js:11063:23)
      at JSXParserMixin.parseMaybeUnaryOrPrivate (H:\code\CoreX\node_modules\@babel\parser\lib\index.js:10916:61)
      at JSXParserMixin.parseExprOps (H:\code\CoreX\node_modules\@babel\parser\lib\index.js:10921:23)
      at JSXParserMixin.parseMaybeConditional (H:\code\CoreX\node_modules\@babel\parser\lib\index.js:10898:23)
      at JSXParserMixin.parseMaybeAssign (H:\code\CoreX\node_modules\@babel\parser\lib\index.js:10848:21)
      at H:\code\CoreX\node_modules\@babel\parser\lib\index.js:10817:39
      at JSXParserMixin.allowInAnd (H:\code\CoreX\node_modules\@babel\parser\lib\index.js:12443:12)
      at JSXParserMixin.parseMaybeAssignAllowIn (H:\code\CoreX\node_modules\@babel\parser\lib\index.js:10817:17)
      at JSXParserMixin.parseMaybeAssignAllowInOrVoidPattern (H:\code\CoreX\node_modules\@babel\parser\lib\index.js:12510:17)
      at JSXParserMixin.parseParenAndDistinguishExpression (H:\code\CoreX\node_modules\@babel\parser\lib\index.js:11692:28)
      at JSXParserMixin.parseExprAtom (H:\code\CoreX\node_modules\@babel\parser\lib\index.js:11348:23)
      at JSXParserMixin.parseExprAtom (H:\code\CoreX\node_modules\@babel\parser\lib\index.js:4776:20)
      at JSXParserMixin.parseExprSubscripts (H:\code\CoreX\node_modules\@babel\parser\lib\index.js:11098:23)
      at JSXParserMixin.parseUpdate (H:\code\CoreX\node_modules\@babel\parser\lib\index.js:11083:21)
      at JSXParserMixin.parseMaybeUnary (H:\code\CoreX\node_modules\@babel\parser\lib\index.js:11063:23)
      at JSXParserMixin.parseMaybeUnaryOrPrivate (H:\code\CoreX\node_modules\@babel\parser\lib\index.js:10916:61)
      at JSXParserMixin.parseExprOps (H:\code\CoreX\node_modules\@babel\parser\lib\index.js:10921:23)
      at JSXParserMixin.parseMaybeConditional (H:\code\CoreX\node_modules\@babel\parser\lib\index.js:10898:23)
      at JSXParserMixin.parseMaybeAssign (H:\code\CoreX\node_modules\@babel\parser\lib\index.js:10848:21)
      at JSXParserMixin.parseExpressionBase (H:\code\CoreX\node_modules\@babel\parser\lib\index.js:10801:23)
      at H:\code\CoreX\node_modules\@babel\parser\lib\index.js:10797:39
      at JSXParserMixin.allowInAnd (H:\code\CoreX\node_modules\@babel\parser\lib\index.js:12438:16)
      at JSXParserMixin.parseExpression (H:\code\CoreX\node_modules\@babel\parser\lib\index.js:10797:17)
      at JSXParserMixin.parseReturnStatement (H:\code\CoreX\node_modules\@babel\parser\lib\index.js:13159:28)
      at JSXParserMixin.parseStatementContent (H:\code\CoreX\node_modules\@babel\parser\lib\index.js:12815:21)
      at JSXParserMixin.parseStatementLike (H:\code\CoreX\node_modules\@babel\parser\lib\index.js:12784:17)
      at JSXParserMixin.parseStatementListItem (H:\code\CoreX\node_modules\@babel\parser\lib\index.js:12764:17)
      at JSXParserMixin.parseBlockOrModuleBlockBody (H:\code\CoreX\node_modules\@babel\parser\lib\index.js:13333:61)
      at JSXParserMixin.parseBlockBody (H:\code\CoreX\node_modules\@babel\parser\lib\index.js:13326:10)
      at JSXParserMixin.parseBlock (H:\code\CoreX\node_modules\@babel\parser\lib\index.js:13314:10)
      at JSXParserMixin.parseFunctionBody (H:\code\CoreX\node_modules\@babel\parser\lib\index.js:12117:24)
      at JSXParserMixin.parseFunctionBodyAndFinish (H:\code\CoreX\node_modules\@babel\parser\lib\index.js:12103:10)
      at H:\code\CoreX\node_modules\@babel\parser\lib\index.js:13462:12
      at JSXParserMixin.withSmartMixTopicForbiddingContext (H:\code\CoreX\node_modules\@babel\parser\lib\index.js:12420:14)
      at JSXParserMixin.parseFunction (H:\code\CoreX\node_modules\@babel\parser\lib\index.js:13461:10)
      at JSXParserMixin.parseExportDefaultExpression (H:\code\CoreX\node_modules\@babel\parser\lib\index.js:13924:19)
      at JSXParserMixin.parseExport (H:\code\CoreX\node_modules\@babel\parser\lib\index.js:13845:25)
      at JSXParserMixin.parseStatementContent (H:\code\CoreX\node_modules\@babel\parser\lib\index.js:12895:27)
      at JSXParserMixin.parseStatementLike (H:\code\CoreX\node_modules\@babel\parser\lib\index.js:12784:17)
      at JSXParserMixin.parseModuleItem (H:\code\CoreX\node_modules\@babel\parser\lib\index.js:12761:17)
      at JSXParserMixin.parseBlockOrModuleBlockBody (H:\code\CoreX\node_modules\@babel\parser\lib\index.js:13333:36)
[2m8:42:04 pm[22m [31m[1m[vite][22m[39m [31mInternal server error: H:\code\CoreX\src\pages\sales\QuickSale.jsx: Expected corresponding JSX closing tag for <aside>. (608:10)

[0m [90m 606 |[31m               [33m<[31m[33mspan[31m[33m>[31m₹{grandTotal[33m.[31mtoFixed([35m2[31m)}[33m<[31m[33m/[31m[33mspan[31m[33m>[31m
 [90m 607 |[31m             [33m<[31m[33m/[31m[33mdiv[31m[33m>[31m
[31m[1m>[22m[31m[90m 608 |[31m           [33m<[31m[33m/[31m[33mdiv[31m[33m>[31m
 [90m     |[31m           [31m[1m^[22m[31m
 [90m 609 |[31m
 [90m 610 |[31m           [33m<[31m[33mdiv[31m className[33m=[31m[32m"qs-cart-actions"[31m[33m>[31m
 [90m 611 |[31m             [33m<[31m[33mdiv[31m className[33m=[31m[32m"qs-action-row"[31m[33m>[31m[0m[39m
  Plugin: [35mvite:react-babel[39m
  File: [36mH:/code/CoreX/src/pages/sales/QuickSale.jsx[39m:608:10
[33m  606|                <span>₹{grandTotal.toFixed(2)}</span>
  607|              </div>
  608|            </div>
     |            ^
  609|  
  610|            <div className="qs-cart-actions">[39m
      at constructor (H:\code\CoreX\node_modules\@babel\parser\lib\index.js:365:19)
      at JSXParserMixin.raise (H:\code\CoreX\node_modules\@babel\parser\lib\index.js:6616:19)
      at JSXParserMixin.jsxParseElementAt (H:\code\CoreX\node_modules\@babel\parser\lib\index.js:4739:16)
      at JSXParserMixin.jsxParseElementAt (H:\code\CoreX\node_modules\@babel\parser\lib\index.js:4710:32)
      at JSXParserMixin.jsxParseElementAt (H:\code\CoreX\node_modules\@babel\parser\lib\index.js:4710:32)
      at JSXParserMixin.jsxParseElement (H:\code\CoreX\node_modules\@babel\parser\lib\index.js:4761:17)
      at JSXParserMixin.parseExprAtom (H:\code\CoreX\node_modules\@babel\parser\lib\index.js:4771:19)
      at JSXParserMixin.parseExprSubscripts (H:\code\CoreX\node_modules\@babel\parser\lib\index.js:11098:23)
      at JSXParserMixin.parseUpdate (H:\code\CoreX\node_modules\@babel\parser\lib\index.js:11083:21)
      at JSXParserMixin.parseMaybeUnary (H:\code\CoreX\node_modules\@babel\parser\lib\index.js:11063:23)
      at JSXParserMixin.parseMaybeUnaryOrPrivate (H:\code\CoreX\node_modules\@babel\parser\lib\index.js:10916:61)
      at JSXParserMixin.parseExprOps (H:\code\CoreX\node_modules\@babel\parser\lib\index.js:10921:23)
      at JSXParserMixin.parseMaybeConditional (H:\code\CoreX\node_modules\@babel\parser\lib\index.js:10898:23)
      at JSXParserMixin.parseMaybeAssign (H:\code\CoreX\node_modules\@babel\parser\lib\index.js:10848:21)
      at H:\code\CoreX\node_modules\@babel\parser\lib\index.js:10817:39
      at JSXParserMixin.allowInAnd (H:\code\CoreX\node_modules\@babel\parser\lib\index.js:12443:12)
      at JSXParserMixin.parseMaybeAssignAllowIn (H:\code\CoreX\node_modules\@babel\parser\lib\index.js:10817:17)
      at JSXParserMixin.parseMaybeAssignAllowInOrVoidPattern (H:\code\CoreX\node_modules\@babel\parser\lib\index.js:12510:17)
      at JSXParserMixin.parseParenAndDistinguishExpression (H:\code\CoreX\node_modules\@babel\parser\lib\index.js:11692:28)
      at JSXParserMixin.parseExprAtom (H:\code\CoreX\node_modules\@babel\parser\lib\index.js:11348:23)
      at JSXParserMixin.parseExprAtom (H:\code\CoreX\node_modules\@babel\parser\lib\index.js:4776:20)
      at JSXParserMixin.parseExprSubscripts (H:\code\CoreX\node_modules\@babel\parser\lib\index.js:11098:23)
      at JSXParserMixin.parseUpdate (H:\code\CoreX\node_modules\@babel\parser\lib\index.js:11083:21)
      at JSXParserMixin.parseMaybeUnary (H:\code\CoreX\node_modules\@babel\parser\lib\index.js:11063:23)
      at JSXParserMixin.parseMaybeUnaryOrPrivate (H:\code\CoreX\node_modules\@babel\parser\lib\index.js:10916:61)
      at JSXParserMixin.parseExprOps (H:\code\CoreX\node_modules\@babel\parser\lib\index.js:10921:23)
      at JSXParserMixin.parseMaybeConditional (H:\code\CoreX\node_modules\@babel\parser\lib\index.js:10898:23)
      at JSXParserMixin.parseMaybeAssign (H:\code\CoreX\node_modules\@babel\parser\lib\index.js:10848:21)
      at JSXParserMixin.parseExpressionBase (H:\code\CoreX\node_modules\@babel\parser\lib\index.js:10801:23)
      at H:\code\CoreX\node_modules\@babel\parser\lib\index.js:10797:39
      at JSXParserMixin.allowInAnd (H:\code\CoreX\node_modules\@babel\parser\lib\index.js:12438:16)
      at JSXParserMixin.parseExpression (H:\code\CoreX\node_modules\@babel\parser\lib\index.js:10797:17)
      at JSXParserMixin.parseReturnStatement (H:\code\CoreX\node_modules\@babel\parser\lib\index.js:13159:28)
      at JSXParserMixin.parseStatementContent (H:\code\CoreX\node_modules\@babel\parser\lib\index.js:12815:21)
      at JSXParserMixin.parseStatementLike (H:\code\CoreX\node_modules\@babel\parser\lib\index.js:12784:17)
      at JSXParserMixin.parseStatementListItem (H:\code\CoreX\node_modules\@babel\parser\lib\index.js:12764:17)
      at JSXParserMixin.parseBlockOrModuleBlockBody (H:\code\CoreX\node_modules\@babel\parser\lib\index.js:13333:61)
      at JSXParserMixin.parseBlockBody (H:\code\CoreX\node_modules\@babel\parser\lib\index.js:13326:10)
      at JSXParserMixin.parseBlock (H:\code\CoreX\node_modules\@babel\parser\lib\index.js:13314:10)
      at JSXParserMixin.parseFunctionBody (H:\code\CoreX\node_modules\@babel\parser\lib\index.js:12117:24)
      at JSXParserMixin.parseFunctionBodyAndFinish (H:\code\CoreX\node_modules\@babel\parser\lib\index.js:12103:10)
      at H:\code\CoreX\node_modules\@babel\parser\lib\index.js:13462:12
      at JSXParserMixin.withSmartMixTopicForbiddingContext (H:\code\CoreX\node_modules\@babel\parser\lib\index.js:12420:14)
      at JSXParserMixin.parseFunction (H:\code\CoreX\node_modules\@babel\parser\lib\index.js:13461:10)
      at JSXParserMixin.parseExportDefaultExpression (H:\code\CoreX\node_modules\@babel\parser\lib\index.js:13924:19)
      at JSXParserMixin.parseExport (H:\code\CoreX\node_modules\@babel\parser\lib\index.js:13845:25)
      at JSXParserMixin.parseStatementContent (H:\code\CoreX\node_modules\@babel\parser\lib\index.js:12895:27)
      at JSXParserMixin.parseStatementLike (H:\code\CoreX\node_modules\@babel\parser\lib\index.js:12784:17)
      at JSXParserMixin.parseModuleItem (H:\code\CoreX\node_modules\@babel\parser\lib\index.js:12761:17)
      at JSXParserMixin.parseBlockOrModuleBlockBody (H:\code\CoreX\node_modules\@babel\parser\lib\index.js:13333:36)
